*********************************************
University of North Florida: SIC/XE assembler
version date 11/12/2002
account: n00853961; Tue Oct 13 22:01:29 2015
*********************************************
ASSEMBLER REPORT
----------------
     Loc   Object Code       Source Code
     ---   -----------       -----------
001- 00100                   	START	100
002- 00100 010000            	LDA	#0	.INITIALIZE REGISTER A TO 0
003- 00103 75001E            	LDT	#30	.INITIALIZE REGISTER T TO 30
004- 00106 050000            ADDLP	LDX	#0	.INITIALIZE REGISTER X TO 0
005- 00109 9001              	ADDR	A,X	.STORE THE SUM OF REGISTER A AND REGISTER X IN REGISTER X
006- 0010B 6FA016            	LDS	FSTRING,X	.LOAD REGISTER S WITH THE INTEGER LOCATED AT INDEX X OF FSTRING
007- 0010E 190003            	ADD	#3	.ADD 3 TO THE NUMBER CURRENTLY IN REGISTER A
008- 00111 050000            	LDX	#0	.RESET REGISTER X TO 0
009- 00114 9051              	ADDR	T,X	.ADD 30 TO REGISTER X
010- 00116 9401              	SUBR	A,X	.SUBTRACT THE NUMBER CURRENTLY LOCATED IN REGISTER A FROM THE NUMBER IN REGISTER X
011- 00118 7FA027            	STS	RSTRING,X	.TAKE THE NUMBER CURRENTLY IN REGISTER A AND STORE IT IN INDEX X OF RSTRING
012- 0011B 2B2003            	COMP	C30	.COMPARE THE NUMBER CURRENTLY IN REGISTER A TO C30 WHICH HAS THE VALUE 30
013- 0011E 3B2FE5            	JLT	ADDLP	.IF THE NUMBER IN REGISTER A IS LESS THAN 30, JUMP BACK TO THE STATEMENT WITH LABEL ADDLP
014- 00121 00001E            C30	WORD	30
015- 00124 000009            FSTRING	WORD	9
016- 00127 000008            	WORD	8
017- 0012A 000007            	WORD	7
018- 0012D 000006            	WORD	6
019- 00130 000005            	WORD	5
020- 00133 000004            	WORD	4
021- 00136 000003            	WORD	3
022- 00139 000002            	WORD	2
023- 0013C 000001            	WORD	1
024- 0013F 000000            	WORD	0
025- 00142                   RSTRING	RESW	10
026- 00160                   	END
